
> procedures-gams-fe@0.0.0 build
> ng build

[33m❯[39m Building...
[32m✔[39m Building...
[1mInitial chunk files[22m[2m | [22m[1mNames[22m                [2m | [22m [1mRaw size[22m[2m | [22m[1mEstimated transfer size[22m
[32mchunk-UFHSIFJ7.js[39m  [2m | [22m[2m-[22m                    [2m | [22m[36m154.74 kB[39m[2m | [22m               [36m45.02 kB[39m
[32mchunk-AXFFGQXU.js[39m  [2m | [22m[2m-[22m                    [2m | [22m [36m92.85 kB[39m[2m | [22m               [36m23.36 kB[39m
[32mstyles-JI6TAXVK.css[39m[2m | [22m[2mstyles[22m               [2m | [22m [36m55.97 kB[39m[2m | [22m                [36m8.15 kB[39m
[32mchunk-UYNRCBIR.js[39m  [2m | [22m[2m-[22m                    [2m | [22m [36m46.29 kB[39m[2m | [22m               [36m13.10 kB[39m
[32mmain-3LCRRRJD.js[39m   [2m | [22m[2mmain[22m                 [2m | [22m [36m27.05 kB[39m[2m | [22m                [36m5.76 kB[39m
[32mchunk-GARCWCVA.js[39m  [2m | [22m[2m-[22m                    [2m | [22m  [36m2.60 kB[39m[2m | [22m              [36m911 bytes[39m
[32mchunk-KYLQWRG7.js[39m  [2m | [22m[2m-[22m                    [2m | [22m  [36m2.14 kB[39m[2m | [22m              [36m636 bytes[39m
[32mchunk-KAT7YFEL.js[39m  [2m | [22m[2m-[22m                    [2m | [22m[36m898 bytes[39m[2m | [22m              [36m898 bytes[39m
[32mchunk-DS2ZXJCF.js[39m  [2m | [22m[2m-[22m                    [2m | [22m[36m672 bytes[39m[2m | [22m              [36m672 bytes[39m
[32mchunk-VQTPMAUE.js[39m  [2m | [22m[2m-[22m                    [2m | [22m[36m211 bytes[39m[2m | [22m              [36m211 bytes[39m

[1m [22m                  [2m | [22m[1mInitial total[22m        [2m | [22m[1m383.43 kB[22m[2m | [22m               [1m98.73 kB[22m

[1mLazy chunk files[22m   [2m | [22m[1mNames[22m                [2m | [22m [1mRaw size[22m[2m | [22m[1mEstimated transfer size[22m
[32mchunk-3VJOW7KX.js[39m  [2m | [22m[2m-[22m                    [2m | [22m [36m80.07 kB[39m[2m | [22m               [36m19.01 kB[39m
[32mchunk-JGEHBNI4.js[39m  [2m | [22m[2mprocedure-detail[22m     [2m | [22m [36m76.27 kB[39m[2m | [22m               [36m14.68 kB[39m
[32mchunk-IGRBEA3E.js[39m  [2m | [22m[2mcompanies-list[22m       [2m | [22m [36m69.50 kB[39m[2m | [22m               [36m15.61 kB[39m
[32mchunk-SMQTMTZ5.js[39m  [2m | [22m[2m-[22m                    [2m | [22m [36m47.93 kB[39m[2m | [22m                [36m9.63 kB[39m
[32mchunk-BI2V23JC.js[39m  [2m | [22m[2musers-list[22m           [2m | [22m [36m42.00 kB[39m[2m | [22m               [36m10.07 kB[39m
[32mchunk-QNN766OU.js[39m  [2m | [22m[2mdashboard-page[22m       [2m | [22m [36m34.69 kB[39m[2m | [22m                [36m6.81 kB[39m
[32mchunk-FJIVDNSP.js[39m  [2m | [22m[2mconfig-layout[22m        [2m | [22m [36m25.79 kB[39m[2m | [22m                [36m6.49 kB[39m
[32mchunk-EM3DHRLH.js[39m  [2m | [22m[2mHomePage[22m             [2m | [22m [36m25.66 kB[39m[2m | [22m                [36m3.69 kB[39m
[32mchunk-CI5GRDR5.js[39m  [2m | [22m[2mcase-files-list[22m      [2m | [22m [36m25.58 kB[39m[2m | [22m                [36m5.97 kB[39m
[32mchunk-JYWODD7D.js[39m  [2m | [22m[2mcompany-detail[22m       [2m | [22m [36m23.24 kB[39m[2m | [22m                [36m5.64 kB[39m
[32mchunk-FENOXX4E.js[39m  [2m | [22m[2mreports-page[22m         [2m | [22m [36m21.03 kB[39m[2m | [22m                [36m5.32 kB[39m
[32mchunk-A7UTD3YC.js[39m  [2m | [22m[2mstatus-companies-list[22m[2m | [22m [36m16.61 kB[39m[2m | [22m                [36m4.40 kB[39m
[32mchunk-54YD7ARJ.js[39m  [2m | [22m[2mprocedures-list[22m      [2m | [22m [36m14.80 kB[39m[2m | [22m                [36m4.25 kB[39m
[32mchunk-SNZLJBVZ.js[39m  [2m | [22m[2mlogin-page[22m           [2m | [22m [36m12.82 kB[39m[2m | [22m                [36m4.07 kB[39m
[32mchunk-EKN7QUBP.js[39m  [2m | [22m[2minbox-list[22m           [2m | [22m [36m12.41 kB[39m[2m | [22m                [36m3.83 kB[39m
[2m...and 14 more lazy chunks files. Use "--verbose" to show all the files.[22m

Application bundle generation failed. [6.420 seconds] - 2026-03-26T15:28:56.876Z

[1m[33m[33m▲ [43;33m[[43;30mWARNING[43;33m][0m [1mangular:styles/component:css;2120b38205a9b12e73f8b5f4a043f03f944ba485ef47ec1da3f972d9d5e4bcc9;C:/Users/Jhoel/Documents/Proyectos-Jhoel/Proyecto-GAMS/Procedures_GAMS_FE/src/app/features/auth/login.page.ts exceeded maximum budget. Budget 4.00 kB was not met by 383 bytes with a total of 4.38 kB.[0m


[33m▲ [43;33m[[43;30mWARNING[43;33m][0m [1msrc/app/features/companies/pages/company-detail/company-detail.css exceeded maximum budget. Budget 4.00 kB was not met by 1.03 kB with a total of 5.03 kB.[0m


[33m▲ [43;33m[[43;30mWARNING[43;33m][0m [1msrc/app/features/companies/components/company-form/company-form.css exceeded maximum budget. Budget 4.00 kB was not met by 250 bytes with a total of 4.25 kB.[0m


[33m▲ [43;33m[[43;30mWARNING[43;33m][0m [1msrc/app/features/users/pages/users-list/users-list.css exceeded maximum budget. Budget 4.00 kB was not met by 580 bytes with a total of 4.58 kB.[0m


[33m▲ [43;33m[[43;30mWARNING[43;33m][0m [1mcss-inline-fonts:https://fonts.googleapis.com/css2?family=Inter:wght@400;500;600;700;800&display=swap exceeded maximum budget. Budget 4.00 kB was not met by 6.60 kB with a total of 10.60 kB.[0m


[33m▲ [43;33m[[43;30mWARNING[43;33m][0m [1mcss-inline-fonts:https://fonts.googleapis.com/css2?family=Inter:wght@300;400;500;600;700;800&family=Outfit:wght@500;700;800&display=swap exceeded maximum budget. Budget 4.00 kB was not met by 15.88 kB with a total of 19.88 kB.[0m


[33m▲ [43;33m[[43;30mWARNING[43;33m][0m [1mModule 'sweetalert2' used by 'src/app/features/companies/pages/companies-list/companies-list.ts' is not ESM[0m

  CommonJS or AMD dependencies can cause optimization bailouts.
  For more information see: [4mhttps://angular.dev/tools/cli/build#configuring-commonjs-dependencies[0m

[39m[22m
[1m[31m[31mX [41;31m[[41;97mERROR[41;31m][0m [1mcss-inline-fonts:https://fonts.googleapis.com/css2?family=Inter:wght@400;500;600;700;800&display=swap exceeded maximum budget. Budget 8.00 kB was not met by 2.60 kB with a total of 10.60 kB.[0m


[31mX [41;31m[[41;97mERROR[41;31m][0m [1mcss-inline-fonts:https://fonts.googleapis.com/css2?family=Inter:wght@300;400;500;600;700;800&family=Outfit:wght@500;700;800&display=swap exceeded maximum budget. Budget 8.00 kB was not met by 11.88 kB with a total of 19.88 kB.[0m

[39m[22m
